com/frontleaves/greenchaincarbonledger/mappers/UserMapper.class
com/frontleaves/greenchaincarbonledger/models/voData/returnData/BackAuthLoginVO$PermissionVO.class
com/frontleaves/greenchaincarbonledger/dao/UserDAO.class
com/frontleaves/greenchaincarbonledger/services/impl/MailTemplateServiceImpl.class
com/frontleaves/greenchaincarbonledger/utils/BaseResponse.class
com/frontleaves/greenchaincarbonledger/models/doData/VerifyCodeDO.class
com/frontleaves/greenchaincarbonledger/models/voData/returnData/BackUserCurrentVO$UserVO.class
com/frontleaves/greenchaincarbonledger/controllers/UserController.class
com/frontleaves/greenchaincarbonledger/dao/RoleDAO.class
com/frontleaves/greenchaincarbonledger/mappers/RoleMapper.class
com/frontleaves/greenchaincarbonledger/models/voData/returnData/BackAuthLoginVO.class
com/frontleaves/greenchaincarbonledger/models/voData/getData/AuthDeleteVO.class
com/frontleaves/greenchaincarbonledger/controllers/AdminController.class
com/frontleaves/greenchaincarbonledger/controllers/MailController.class
com/frontleaves/greenchaincarbonledger/services/impl/AdminServiceImpl.class
com/frontleaves/greenchaincarbonledger/models/voData/returnData/BackUserCurrentVO.class
com/frontleaves/greenchaincarbonledger/models/voData/getData/AuthLoginVO.class
com/frontleaves/greenchaincarbonledger/services/impl/UserServiceImpl.class
com/frontleaves/greenchaincarbonledger/models/doData/PermissionDO.class
com/frontleaves/greenchaincarbonledger/models/voData/getData/AuthChangeVO.class
com/frontleaves/greenchaincarbonledger/models/voData/getData/AuthOrganizeRegisterVO.class
com/frontleaves/greenchaincarbonledger/models/voData/getData/MailSendCodeVO.class
com/frontleaves/greenchaincarbonledger/models/voData/getData/AuthUserRegisterVO.class
com/frontleaves/greenchaincarbonledger/dao/VerifyCodeDAO.class
com/frontleaves/greenchaincarbonledger/utils/ErrorCode.class
com/frontleaves/greenchaincarbonledger/services/impl/UserServiceImpl$1.class
com/frontleaves/greenchaincarbonledger/models/doData/RoleDO.class
com/frontleaves/greenchaincarbonledger/models/voData/returnData/BackDesensitizationVO.class
com/frontleaves/greenchaincarbonledger/services/impl/MailServiceImpl.class
com/frontleaves/greenchaincarbonledger/models/voData/returnData/BackUserCurrentVO$PermissionVO.class
com/frontleaves/greenchaincarbonledger/controllers/AuthController.class
com/frontleaves/greenchaincarbonledger/utils/ResultUtil.class
com/frontleaves/greenchaincarbonledger/annotations/CheckAccountPermission.class
com/frontleaves/greenchaincarbonledger/models/voData/returnData/BackAuthLoginVO$UserVO.class
com/frontleaves/greenchaincarbonledger/models/voData/returnData/BackUserVO.class
com/frontleaves/greenchaincarbonledger/models/voData/getData/AdminUserChangeVO.class
com/frontleaves/greenchaincarbonledger/services/impl/AuthServiceImpl.class
com/frontleaves/greenchaincarbonledger/services/impl/UserServiceImpl$2.class
com/frontleaves/greenchaincarbonledger/models/doData/UserDO.class
com/frontleaves/greenchaincarbonledger/utils/ProcessingUtil.class
com/frontleaves/greenchaincarbonledger/models/voData/getData/AuthForgetCodeVO.class
