/Users/xiaofeng/Documents/ProgramProjects/Enterprise/FrontLeaves/GreenChainCarbonLedger/src/main/kotlin/com/frontleaves/greenchaincarbonledger/utils/ResultUtil.java
/Users/xiaofeng/Documents/ProgramProjects/Enterprise/FrontLeaves/GreenChainCarbonLedger/src/main/kotlin/com/frontleaves/greenchaincarbonledger/utils/ProcessingUtil.java
/Users/xiaofeng/Documents/ProgramProjects/Enterprise/FrontLeaves/GreenChainCarbonLedger/src/main/kotlin/com/frontleaves/greenchaincarbonledger/models/voData/returnData/BackAuthLoginVO.java
/Users/xiaofeng/Documents/ProgramProjects/Enterprise/FrontLeaves/GreenChainCarbonLedger/src/main/kotlin/com/frontleaves/greenchaincarbonledger/controllers/UserController.java
/Users/xiaofeng/Documents/ProgramProjects/Enterprise/FrontLeaves/GreenChainCarbonLedger/src/main/kotlin/com/frontleaves/greenchaincarbonledger/controllers/AdminController.java
/Users/xiaofeng/Documents/ProgramProjects/Enterprise/FrontLeaves/GreenChainCarbonLedger/src/main/kotlin/com/frontleaves/greenchaincarbonledger/controllers/AuthController.java
/Users/xiaofeng/Documents/ProgramProjects/Enterprise/FrontLeaves/GreenChainCarbonLedger/src/main/kotlin/com/frontleaves/greenchaincarbonledger/models/voData/returnData/BackDesensitizationVO.java
/Users/xiaofeng/Documents/ProgramProjects/Enterprise/FrontLeaves/GreenChainCarbonLedger/src/main/kotlin/com/frontleaves/greenchaincarbonledger/models/voData/returnData/BackUserCurrentVO.java
/Users/xiaofeng/Documents/ProgramProjects/Enterprise/FrontLeaves/GreenChainCarbonLedger/src/main/kotlin/com/frontleaves/greenchaincarbonledger/models/voData/getData/AuthOrganizeRegisterVO.java
/Users/xiaofeng/Documents/ProgramProjects/Enterprise/FrontLeaves/GreenChainCarbonLedger/src/main/kotlin/com/frontleaves/greenchaincarbonledger/dao/UserDAO.java
/Users/xiaofeng/Documents/ProgramProjects/Enterprise/FrontLeaves/GreenChainCarbonLedger/src/main/kotlin/com/frontleaves/greenchaincarbonledger/models/voData/getData/MailSendCodeVO.java
/Users/xiaofeng/Documents/ProgramProjects/Enterprise/FrontLeaves/GreenChainCarbonLedger/src/main/kotlin/com/frontleaves/greenchaincarbonledger/models/doData/UserDO.java
/Users/xiaofeng/Documents/ProgramProjects/Enterprise/FrontLeaves/GreenChainCarbonLedger/src/main/kotlin/com/frontleaves/greenchaincarbonledger/models/doData/PermissionDO.java
/Users/xiaofeng/Documents/ProgramProjects/Enterprise/FrontLeaves/GreenChainCarbonLedger/src/main/kotlin/com/frontleaves/greenchaincarbonledger/dao/RoleDAO.java
/Users/xiaofeng/Documents/ProgramProjects/Enterprise/FrontLeaves/GreenChainCarbonLedger/src/main/kotlin/com/frontleaves/greenchaincarbonledger/models/voData/getData/AuthUserRegisterVO.java
/Users/xiaofeng/Documents/ProgramProjects/Enterprise/FrontLeaves/GreenChainCarbonLedger/src/main/kotlin/com/frontleaves/greenchaincarbonledger/services/impl/UserServiceImpl.java
/Users/xiaofeng/Documents/ProgramProjects/Enterprise/FrontLeaves/GreenChainCarbonLedger/src/main/kotlin/com/frontleaves/greenchaincarbonledger/models/voData/getData/AuthForgetCodeVO.java
/Users/xiaofeng/Documents/ProgramProjects/Enterprise/FrontLeaves/GreenChainCarbonLedger/src/main/kotlin/com/frontleaves/greenchaincarbonledger/services/impl/MailTemplateServiceImpl.java
/Users/xiaofeng/Documents/ProgramProjects/Enterprise/FrontLeaves/GreenChainCarbonLedger/src/main/kotlin/com/frontleaves/greenchaincarbonledger/utils/ErrorCode.java
/Users/xiaofeng/Documents/ProgramProjects/Enterprise/FrontLeaves/GreenChainCarbonLedger/src/main/kotlin/com/frontleaves/greenchaincarbonledger/utils/BaseResponse.java
/Users/xiaofeng/Documents/ProgramProjects/Enterprise/FrontLeaves/GreenChainCarbonLedger/src/main/kotlin/com/frontleaves/greenchaincarbonledger/models/voData/getData/AuthLoginVO.java
/Users/xiaofeng/Documents/ProgramProjects/Enterprise/FrontLeaves/GreenChainCarbonLedger/src/main/kotlin/com/frontleaves/greenchaincarbonledger/models/doData/RoleDO.java
/Users/xiaofeng/Documents/ProgramProjects/Enterprise/FrontLeaves/GreenChainCarbonLedger/src/main/kotlin/com/frontleaves/greenchaincarbonledger/models/voData/getData/AuthChangeVO.java
/Users/xiaofeng/Documents/ProgramProjects/Enterprise/FrontLeaves/GreenChainCarbonLedger/src/main/kotlin/com/frontleaves/greenchaincarbonledger/controllers/MailController.java
/Users/xiaofeng/Documents/ProgramProjects/Enterprise/FrontLeaves/GreenChainCarbonLedger/src/main/kotlin/com/frontleaves/greenchaincarbonledger/services/impl/AdminServiceImpl.java
/Users/xiaofeng/Documents/ProgramProjects/Enterprise/FrontLeaves/GreenChainCarbonLedger/src/main/kotlin/com/frontleaves/greenchaincarbonledger/services/impl/MailServiceImpl.java
/Users/xiaofeng/Documents/ProgramProjects/Enterprise/FrontLeaves/GreenChainCarbonLedger/src/main/kotlin/com/frontleaves/greenchaincarbonledger/models/voData/getData/AuthDeleteVO.java
/Users/xiaofeng/Documents/ProgramProjects/Enterprise/FrontLeaves/GreenChainCarbonLedger/src/main/kotlin/com/frontleaves/greenchaincarbonledger/annotations/CheckAccountPermission.java
/Users/xiaofeng/Documents/ProgramProjects/Enterprise/FrontLeaves/GreenChainCarbonLedger/src/main/kotlin/com/frontleaves/greenchaincarbonledger/dao/VerifyCodeDAO.java
/Users/xiaofeng/Documents/ProgramProjects/Enterprise/FrontLeaves/GreenChainCarbonLedger/src/main/kotlin/com/frontleaves/greenchaincarbonledger/models/voData/returnData/BackUserVO.java
/Users/xiaofeng/Documents/ProgramProjects/Enterprise/FrontLeaves/GreenChainCarbonLedger/src/main/kotlin/com/frontleaves/greenchaincarbonledger/mappers/RoleMapper.java
/Users/xiaofeng/Documents/ProgramProjects/Enterprise/FrontLeaves/GreenChainCarbonLedger/src/main/kotlin/com/frontleaves/greenchaincarbonledger/models/doData/VerifyCodeDO.java
/Users/xiaofeng/Documents/ProgramProjects/Enterprise/FrontLeaves/GreenChainCarbonLedger/src/main/kotlin/com/frontleaves/greenchaincarbonledger/models/voData/getData/AdminUserChangeVO.java
/Users/xiaofeng/Documents/ProgramProjects/Enterprise/FrontLeaves/GreenChainCarbonLedger/src/main/kotlin/com/frontleaves/greenchaincarbonledger/mappers/UserMapper.java
/Users/xiaofeng/Documents/ProgramProjects/Enterprise/FrontLeaves/GreenChainCarbonLedger/src/main/kotlin/com/frontleaves/greenchaincarbonledger/services/impl/AuthServiceImpl.java
